// Jest Snapshot v1, https://goo.gl/fbAQLP

exports[`Header Should render component correctly 1`] = `
<DocumentFragment>
  <div
    class="root"
  >
    <div
      class="container"
    >
      <div
        class="header"
      >
        <p
          class="root"
        >
          <span>
            netflix
          </span>
          roulette
        </p>
      </div>
    </div>
  </div>
</DocumentFragment>
`;
