// Jest Snapshot v1, https://goo.gl/fbAQLP

exports[`MoviesList Should render component correctly 1`] = `
<DocumentFragment>
  <div
    class="root"
  >
    <div
      class="container"
    >
      <p
        class="moviesCount"
      >
        <span>
          3Â 
        </span>
        movies found
      </p>
      <div
        class="moviesContainer"
      >
        <div
          class="root"
        >
          <div
            class="movieContent"
          >
            <img
              alt="Not Found"
              class="img"
              src="https://image.tmdb.org/t/p/w500/3kcEGnYBHDeqmdYf8ZRbKdfmlUy.jpg"
            />
            <div
              class="contentContainer"
            >
              <div
                class="title"
              >
                Fifty Shades Freed
              </div>
              <div
                class="year"
              >
                2018-02-07
              </div>
            </div>
            <div
              class="genre"
            >
              Drama, Romance
            </div>
          </div>
          <div>
            <div
              class="root movieActionModalRoundButtonRoot"
            >
              <div
                class="dot"
              />
              <div
                class="dot"
              />
              <div
                class="dot"
              />
            </div>
          </div>
        </div>
        <div
          class="root"
        >
          <div
            class="movieContent"
          >
            <img
              alt="Not Found"
              class="img"
              src="https://image.tmdb.org/t/p/w500/sM33SANp9z6rXW8Itn7NnG1GOEs.jpg"
            />
            <div
              class="contentContainer"
            >
              <div
                class="title"
              >
                Zootopia
              </div>
              <div
                class="year"
              >
                2016-02-11
              </div>
            </div>
            <div
              class="genre"
            >
              Animation, Adventure, Family, Comedy
            </div>
          </div>
          <div>
            <div
              class="root movieActionModalRoundButtonRoot"
            >
              <div
                class="dot"
              />
              <div
                class="dot"
              />
              <div
                class="dot"
              />
            </div>
          </div>
        </div>
        <div
          class="root"
        >
          <div
            class="movieContent"
          >
            <img
              alt="Not Found"
              class="img"
              src="https://image.tmdb.org/t/p/w500/kOVEVeg59E0wsnXmF9nrh6OmWII.jpg"
            />
            <div
              class="contentContainer"
            >
              <div
                class="title"
              >
                Star Wars: The Last Jedi
              </div>
              <div
                class="year"
              >
                2017-12-13
              </div>
            </div>
            <div
              class="genre"
            >
              Fantasy, Adventure, Science Fiction
            </div>
          </div>
          <div>
            <div
              class="root movieActionModalRoundButtonRoot"
            >
              <div
                class="dot"
              />
              <div
                class="dot"
              />
              <div
                class="dot"
              />
            </div>
          </div>
        </div>
      </div>
    </div>
  </div>
</DocumentFragment>
`;
