// Jest Snapshot v1, https://goo.gl/fbAQLP

exports[`RoundButton Should render component correctly 1`] = `
<DocumentFragment>
  <div
    class="root"
  >
    <div
      class="dot"
    />
    <div
      class="dot"
    />
    <div
      class="dot"
    />
  </div>
</DocumentFragment>
`;
