// Jest Snapshot v1, https://goo.gl/fbAQLP

exports[`NotFoundMovie Should render component correctly 1`] = `
<DocumentFragment>
  <div
    class="root"
  >
    <div
      class="container"
    >
      <h1
        class="title"
      >
        No movie found
      </h1>
    </div>
  </div>
</DocumentFragment>
`;
