// Jest Snapshot v1, https://goo.gl/fbAQLP

exports[`Footer Should render component correctly 1`] = `
<DocumentFragment>
  <div
    class="root"
  >
    <p
      class="root logoRoot"
    >
      <span>
        netflix
      </span>
      roulette
    </p>
  </div>
</DocumentFragment>
`;
